../Drivers/CMSIS/Include/core_cm4.h:2064:26:ITM_SendChar	4
../Core/Src/main.c:112:10:add_telemetry_buf	1
../Core/Src/main.c:119:10:retrieve_telemetry_buf	2
../Core/Src/main.c:131:6:construct_telem	1
../Core/Src/main.c:136:9:update_crc8	3
../Core/Src/main.c:145:9:get_crc8	2
../Core/Src/main.c:152:5:_write	2
../Core/Src/main.c:159:6:HAL_TIM_IC_CaptureCallback	3
../Core/Src/main.c:168:6:HAL_UART_RxCpltCallback	4
../Core/Src/main.c:190:6:HAL_SPI_RxCpltCallback	2
../Core/Src/main.c:198:6:HAL_SPI_TxCpltCallback	2
../Core/Src/main.c:205:6:HAL_SPI_TxRxCpltCallback	1
../Core/Src/main.c:209:6:HAL_GPIO_EXTI_Callback	2
../Core/Src/main.c:217:6:HAL_UART_ErrorCallback	3
../Core/Src/main.c:237:5:main	12
../Core/Src/main.c:419:6:SystemClock_Config	3
../Core/Src/main.c:466:13:MX_ADC1_Init	3
../Core/Src/main.c:518:13:MX_SDIO_SD_Init	1
../Core/Src/main.c:546:13:MX_SPI1_Init	2
../Core/Src/main.c:584:13:MX_SPI2_Init	2
../Core/Src/main.c:622:13:MX_TIM1_Init	8
../Core/Src/main.c:697:13:MX_TIM2_Init	8
../Core/Src/main.c:771:13:MX_TIM3_Init	8
../Core/Src/main.c:845:13:MX_TIM4_Init	8
../Core/Src/main.c:919:13:MX_UART4_Init	2
../Core/Src/main.c:952:13:MX_USART1_UART_Init	2
../Core/Src/main.c:985:13:MX_USART2_UART_Init	2
../Core/Src/main.c:1018:13:MX_USART3_UART_Init	2
../Core/Src/main.c:1049:13:MX_DMA_Init	1
../Core/Src/main.c:1077:13:MX_GPIO_Init	1
../Core/Src/main.c:1147:6:Error_Handler	1
