../Drivers/CMSIS/Include/core_cm4.h:2064:26:ITM_SendChar	16	static,ignoring_inline_asm
../Core/Src/main.c:112:10:add_telemetry_buf	16	static
../Core/Src/main.c:119:10:retrieve_telemetry_buf	16	static
../Core/Src/main.c:131:6:construct_telem	4	static
../Core/Src/main.c:136:9:update_crc8	24	static
../Core/Src/main.c:145:9:get_crc8	24	static
../Core/Src/main.c:152:5:_write	32	static
../Core/Src/main.c:159:6:HAL_TIM_IC_CaptureCallback	24	static
../Core/Src/main.c:168:6:HAL_UART_RxCpltCallback	24	static
../Core/Src/main.c:190:6:HAL_SPI_RxCpltCallback	16	static
../Core/Src/main.c:198:6:HAL_SPI_TxCpltCallback	16	static
../Core/Src/main.c:205:6:HAL_SPI_TxRxCpltCallback	16	static
../Core/Src/main.c:209:6:HAL_GPIO_EXTI_Callback	16	static
../Core/Src/main.c:222:5:main	120	static
../Core/Src/main.c:397:6:SystemClock_Config	88	static
../Core/Src/main.c:444:13:MX_ADC1_Init	24	static
../Core/Src/main.c:496:13:MX_SDIO_SD_Init	4	static
../Core/Src/main.c:524:13:MX_SPI1_Init	8	static
../Core/Src/main.c:562:13:MX_SPI2_Init	8	static
../Core/Src/main.c:600:13:MX_TIM1_Init	72	static
../Core/Src/main.c:675:13:MX_TIM2_Init	72	static
../Core/Src/main.c:749:13:MX_TIM3_Init	72	static
../Core/Src/main.c:823:13:MX_TIM4_Init	72	static
../Core/Src/main.c:897:13:MX_UART4_Init	8	static
../Core/Src/main.c:930:13:MX_USART1_UART_Init	8	static
../Core/Src/main.c:963:13:MX_USART2_UART_Init	8	static
../Core/Src/main.c:996:13:MX_USART3_UART_Init	8	static
../Core/Src/main.c:1027:13:MX_DMA_Init	16	static
../Core/Src/main.c:1055:13:MX_GPIO_Init	48	static
../Core/Src/main.c:1125:6:Error_Handler	4	static,ignoring_inline_asm
