../Drivers/CMSIS/Include/core_cm4.h:2064:26:ITM_SendChar	4
../Core/Src/main.c:112:10:add_telemetry_buf	1
../Core/Src/main.c:119:10:retrieve_telemetry_buf	2
../Core/Src/main.c:131:6:construct_telem	1
../Core/Src/main.c:136:9:update_crc8	3
../Core/Src/main.c:145:9:get_crc8	2
../Core/Src/main.c:152:5:_write	2
../Core/Src/main.c:159:6:HAL_TIM_IC_CaptureCallback	3
../Core/Src/main.c:168:6:HAL_UART_RxCpltCallback	4
../Core/Src/main.c:190:6:HAL_SPI_RxCpltCallback	2
../Core/Src/main.c:198:6:HAL_SPI_TxCpltCallback	2
../Core/Src/main.c:205:6:HAL_SPI_TxRxCpltCallback	1
../Core/Src/main.c:209:6:HAL_GPIO_EXTI_Callback	2
../Core/Src/main.c:222:5:main	12
../Core/Src/main.c:397:6:SystemClock_Config	3
../Core/Src/main.c:444:13:MX_ADC1_Init	3
../Core/Src/main.c:496:13:MX_SDIO_SD_Init	1
../Core/Src/main.c:524:13:MX_SPI1_Init	2
../Core/Src/main.c:562:13:MX_SPI2_Init	2
../Core/Src/main.c:600:13:MX_TIM1_Init	8
../Core/Src/main.c:675:13:MX_TIM2_Init	8
../Core/Src/main.c:749:13:MX_TIM3_Init	8
../Core/Src/main.c:823:13:MX_TIM4_Init	8
../Core/Src/main.c:897:13:MX_UART4_Init	2
../Core/Src/main.c:930:13:MX_USART1_UART_Init	2
../Core/Src/main.c:963:13:MX_USART2_UART_Init	2
../Core/Src/main.c:996:13:MX_USART3_UART_Init	2
../Core/Src/main.c:1027:13:MX_DMA_Init	1
../Core/Src/main.c:1055:13:MX_GPIO_Init	1
../Core/Src/main.c:1125:6:Error_Handler	1
